
> smartspend-ai@2.0.0 dev
> vite


  [32m[1mVITE[22m v7.3.0[39m  [2mready in [0m[1m580[22m[2m[0m ms[22m

  [32m➜[39m  [1mLocal[22m:   [36mhttp://localhost:[1m3000[22m/[39m
[2m  [32m➜[39m  [1mNetwork[22m[2m: use [22m[1m--host[22m[2m to expose[22m
<-- GET /api/trpc/auth.me,localAuth.me?batch=1&input=%7B%7D
--> GET /api/trpc/auth.me,localAuth.me?batch=1&input=%7B%7D [32m200[0m 11ms
<-- GET /api/trpc/auth.googleUrl?batch=1&input=%7B%7D
--> GET /api/trpc/auth.googleUrl?batch=1&input=%7B%7D [32m200[0m 1ms
<-- POST /api/trpc/localAuth.login?batch=1
--> POST /api/trpc/localAuth.login?batch=1 [32m200[0m 399ms
<-- GET /api/trpc/auth.me,localAuth.me?batch=1&input=%7B%7D
--> GET /api/trpc/auth.me,localAuth.me?batch=1&input=%7B%7D [32m200[0m 14ms
<-- GET /api/trpc/auth.me,localAuth.me,ads.list,profile.getMyProfile,ai.getUserLimits,expense.list,expense.getMonthlyStats?batch=1&input=%7B%222%22%3A%7B%22placement%22%3A%22sidebar%22%2C%22userPlan%22%3A%22free%22%7D%2C%225%22%3A%7B%22limit%22%3A5%2C%22offset%22%3A0%7D%2C%226%22%3A%7B%22month%22%3A%222026-05%22%7D%7D
--> GET /api/trpc/auth.me,localAuth.me,ads.list,profile.getMyProfile,ai.getUserLimits,expense.list,expense.getMonthlyStats?batch=1&input=%7B%222%22%3A%7B%22placement%22%3A%22sidebar%22%2C%22userPlan%22%3A%22free%22%7D%2C%225%22%3A%7B%22limit%22%3A5%2C%22offset%22%3A0%7D%2C%226%22%3A%7B%22month%22%3A%222026-05%22%7D%7D [32m207[0m 53ms
<-- GET /api/trpc/ai.getUserLimits?batch=1&input=%7B%7D
--> GET /api/trpc/ai.getUserLimits?batch=1&input=%7B%7D [31m500[0m 11ms
<-- GET /api/trpc/ai.getUserLimits?batch=1&input=%7B%7D
--> GET /api/trpc/ai.getUserLimits?batch=1&input=%7B%7D [31m500[0m 10ms
<-- GET /api/trpc/ai.getUserLimits?batch=1&input=%7B%7D
--> GET /api/trpc/ai.getUserLimits?batch=1&input=%7B%7D [31m500[0m 8ms
<-- GET /api/trpc/ads.list,expense.getMonthlyStats,profile.getMyProfile,expense.list,ai.getUserLimits?batch=1&input=%7B%220%22%3A%7B%22placement%22%3A%22sidebar%22%2C%22userPlan%22%3A%22free%22%7D%2C%221%22%3A%7B%22month%22%3A%222026-05%22%7D%2C%223%22%3A%7B%22limit%22%3A5%2C%22offset%22%3A0%7D%7D
<-- GET /api/trpc/ads.list,expense.getMonthlyStats,profile.getMyProfile,ai.getUserLimits,expense.list?batch=1&input=%7B%220%22%3A%7B%22placement%22%3A%22sidebar%22%2C%22userPlan%22%3A%22free%22%7D%2C%221%22%3A%7B%22month%22%3A%222026-05%22%7D%2C%224%22%3A%7B%22limit%22%3A5%2C%22offset%22%3A0%7D%7D
--> GET /api/trpc/ads.list,expense.getMonthlyStats,profile.getMyProfile,expense.list,ai.getUserLimits?batch=1&input=%7B%220%22%3A%7B%22placement%22%3A%22sidebar%22%2C%22userPlan%22%3A%22free%22%7D%2C%221%22%3A%7B%22month%22%3A%222026-05%22%7D%2C%223%22%3A%7B%22limit%22%3A5%2C%22offset%22%3A0%7D%7D [32m207[0m 74ms
--> GET /api/trpc/ads.list,expense.getMonthlyStats,profile.getMyProfile,ai.getUserLimits,expense.list?batch=1&input=%7B%220%22%3A%7B%22placement%22%3A%22sidebar%22%2C%22userPlan%22%3A%22free%22%7D%2C%221%22%3A%7B%22month%22%3A%222026-05%22%7D%2C%224%22%3A%7B%22limit%22%3A5%2C%22offset%22%3A0%7D%7D [32m207[0m 117ms
<-- GET /api/trpc/auth.me,localAuth.me?batch=1&input=%7B%7D
--> GET /api/trpc/auth.me,localAuth.me?batch=1&input=%7B%7D [32m200[0m 9ms
<-- GET /api/trpc/auth.me,localAuth.me,ads.list,profile.getMyProfile,ai.getUserLimits,expense.list,expense.getMonthlyStats?batch=1&input=%7B%222%22%3A%7B%22placement%22%3A%22sidebar%22%2C%22userPlan%22%3A%22free%22%7D%2C%225%22%3A%7B%22limit%22%3A5%2C%22offset%22%3A0%7D%2C%226%22%3A%7B%22month%22%3A%222026-05%22%7D%7D
--> GET /api/trpc/auth.me,localAuth.me,ads.list,profile.getMyProfile,ai.getUserLimits,expense.list,expense.getMonthlyStats?batch=1&input=%7B%222%22%3A%7B%22placement%22%3A%22sidebar%22%2C%22userPlan%22%3A%22free%22%7D%2C%225%22%3A%7B%22limit%22%3A5%2C%22offset%22%3A0%7D%2C%226%22%3A%7B%22month%22%3A%222026-05%22%7D%7D [32m207[0m 19ms
<-- GET /api/trpc/ai.getUserLimits?batch=1&input=%7B%7D
--> GET /api/trpc/ai.getUserLimits?batch=1&input=%7B%7D [31m500[0m 9ms
<-- GET /api/trpc/auth.me,localAuth.me?batch=1&input=%7B%7D
--> GET /api/trpc/auth.me,localAuth.me?batch=1&input=%7B%7D [32m200[0m 9ms
<-- GET /api/trpc/auth.me,localAuth.me,ads.list,profile.getMyProfile,ai.getUserLimits,expense.list,expense.getMonthlyStats?batch=1&input=%7B%222%22%3A%7B%22placement%22%3A%22sidebar%22%2C%22userPlan%22%3A%22free%22%7D%2C%225%22%3A%7B%22limit%22%3A5%2C%22offset%22%3A0%7D%2C%226%22%3A%7B%22month%22%3A%222026-05%22%7D%7D
--> GET /api/trpc/auth.me,localAuth.me,ads.list,profile.getMyProfile,ai.getUserLimits,expense.list,expense.getMonthlyStats?batch=1&input=%7B%222%22%3A%7B%22placement%22%3A%22sidebar%22%2C%22userPlan%22%3A%22free%22%7D%2C%225%22%3A%7B%22limit%22%3A5%2C%22offset%22%3A0%7D%2C%226%22%3A%7B%22month%22%3A%222026-05%22%7D%7D [32m207[0m 22ms
<-- GET /api/trpc/ai.getUserLimits?batch=1&input=%7B%7D
--> GET /api/trpc/ai.getUserLimits?batch=1&input=%7B%7D [31m500[0m 9ms
<-- GET /api/trpc/ai.getUserLimits?batch=1&input=%7B%7D
--> GET /api/trpc/ai.getUserLimits?batch=1&input=%7B%7D [31m500[0m 8ms
<-- GET /api/trpc/ai.getUserLimits?batch=1&input=%7B%7D
--> GET /api/trpc/ai.getUserLimits?batch=1&input=%7B%7D [31m500[0m 6ms
<-- POST /api/trpc/ai.speechToText?batch=1
--> POST /api/trpc/ai.speechToText?batch=1 [31m500[0m 13ms
<-- GET /api/trpc/ai.getUserLimits?batch=1&input=%7B%7D
--> GET /api/trpc/ai.getUserLimits?batch=1&input=%7B%7D [31m500[0m 9ms
<-- GET /api/trpc/ai.getUserLimits?batch=1&input=%7B%7D
--> GET /api/trpc/ai.getUserLimits?batch=1&input=%7B%7D [31m500[0m 14ms
<-- POST /api/trpc/analytics.trackEvent?batch=1
--> POST /api/trpc/analytics.trackEvent?batch=1 [32m200[0m 12ms
<-- GET /api/trpc/ads.list,expense.getMonthlyStats,profile.getMyProfile,ai.getUserLimits,expense.list?batch=1&input=%7B%220%22%3A%7B%22placement%22%3A%22sidebar%22%2C%22userPlan%22%3A%22free%22%7D%2C%221%22%3A%7B%22month%22%3A%222026-05%22%7D%2C%224%22%3A%7B%22limit%22%3A5%2C%22offset%22%3A0%7D%7D
--> GET /api/trpc/ads.list,expense.getMonthlyStats,profile.getMyProfile,ai.getUserLimits,expense.list?batch=1&input=%7B%220%22%3A%7B%22placement%22%3A%22sidebar%22%2C%22userPlan%22%3A%22free%22%7D%2C%221%22%3A%7B%22month%22%3A%222026-05%22%7D%2C%224%22%3A%7B%22limit%22%3A5%2C%22offset%22%3A0%7D%7D [32m207[0m 13ms
<-- GET /api/trpc/ai.getUserLimits?batch=1&input=%7B%7D
--> GET /api/trpc/ai.getUserLimits?batch=1&input=%7B%7D [31m500[0m 10ms
<-- GET /api/trpc/ai.getUserLimits?batch=1&input=%7B%7D
--> GET /api/trpc/ai.getUserLimits?batch=1&input=%7B%7D [31m500[0m 11ms
<-- GET /api/trpc/ai.getUserLimits?batch=1&input=%7B%7D
--> GET /api/trpc/ai.getUserLimits?batch=1&input=%7B%7D [31m500[0m 6ms
<-- POST /api/trpc/ai.generateMonthlyInsights?batch=1
--> POST /api/trpc/ai.generateMonthlyInsights?batch=1 [32m200[0m 4s
<-- GET /api/trpc/ads.list,expense.getMonthlyStats,profile.getMyProfile?batch=1&input=%7B%220%22%3A%7B%22placement%22%3A%22sidebar%22%2C%22userPlan%22%3A%22free%22%7D%2C%221%22%3A%7B%22month%22%3A%222026-05%22%7D%7D
--> GET /api/trpc/ads.list,expense.getMonthlyStats,profile.getMyProfile?batch=1&input=%7B%220%22%3A%7B%22placement%22%3A%22sidebar%22%2C%22userPlan%22%3A%22free%22%7D%2C%221%22%3A%7B%22month%22%3A%222026-05%22%7D%7D [32m200[0m 15ms
<-- POST /api/trpc/analytics.trackEvent?batch=1
--> POST /api/trpc/analytics.trackEvent?batch=1 [33m400[0m 11ms
<-- GET /api/trpc/auth.me,localAuth.me?batch=1&input=%7B%7D
--> GET /api/trpc/auth.me,localAuth.me?batch=1&input=%7B%7D [32m200[0m 7ms
<-- GET /api/trpc/auth.me,localAuth.me,ads.list,profile.getMyProfile,ai.getUserLimits,expense.list,expense.getMonthlyStats?batch=1&input=%7B%222%22%3A%7B%22placement%22%3A%22sidebar%22%2C%22userPlan%22%3A%22free%22%7D%2C%225%22%3A%7B%22limit%22%3A5%2C%22offset%22%3A0%7D%2C%226%22%3A%7B%22month%22%3A%222026-05%22%7D%7D
--> GET /api/trpc/auth.me,localAuth.me,ads.list,profile.getMyProfile,ai.getUserLimits,expense.list,expense.getMonthlyStats?batch=1&input=%7B%222%22%3A%7B%22placement%22%3A%22sidebar%22%2C%22userPlan%22%3A%22free%22%7D%2C%225%22%3A%7B%22limit%22%3A5%2C%22offset%22%3A0%7D%2C%226%22%3A%7B%22month%22%3A%222026-05%22%7D%7D [32m200[0m 19ms
<-- GET /api/trpc/auth.me,localAuth.me?batch=1&input=%7B%7D
--> GET /api/trpc/auth.me,localAuth.me?batch=1&input=%7B%7D [32m200[0m 8ms
<-- GET /api/trpc/auth.me,localAuth.me,ads.list,profile.getMyProfile,expense.getMonthlyStats?batch=1&input=%7B%222%22%3A%7B%22placement%22%3A%22sidebar%22%2C%22userPlan%22%3A%22free%22%7D%2C%224%22%3A%7B%22month%22%3A%222026-05%22%7D%7D
--> GET /api/trpc/auth.me,localAuth.me,ads.list,profile.getMyProfile,expense.getMonthlyStats?batch=1&input=%7B%222%22%3A%7B%22placement%22%3A%22sidebar%22%2C%22userPlan%22%3A%22free%22%7D%2C%224%22%3A%7B%22month%22%3A%222026-05%22%7D%7D [32m200[0m 17ms
<-- GET /api/trpc/ads.list,expense.getMonthlyStats,profile.getMyProfile,ai.getUserLimits,expense.list?batch=1&input=%7B%220%22%3A%7B%22placement%22%3A%22sidebar%22%2C%22userPlan%22%3A%22free%22%7D%2C%221%22%3A%7B%22month%22%3A%222026-05%22%7D%2C%224%22%3A%7B%22limit%22%3A5%2C%22offset%22%3A0%7D%7D
--> GET /api/trpc/ads.list,expense.getMonthlyStats,profile.getMyProfile,ai.getUserLimits,expense.list?batch=1&input=%7B%220%22%3A%7B%22placement%22%3A%22sidebar%22%2C%22userPlan%22%3A%22free%22%7D%2C%221%22%3A%7B%22month%22%3A%222026-05%22%7D%2C%224%22%3A%7B%22limit%22%3A5%2C%22offset%22%3A0%7D%7D [32m200[0m 29ms
<-- GET /api/trpc/ads.list,expense.getMonthlyStats,profile.getMyProfile?batch=1&input=%7B%220%22%3A%7B%22placement%22%3A%22sidebar%22%2C%22userPlan%22%3A%22free%22%7D%2C%221%22%3A%7B%22month%22%3A%222026-05%22%7D%7D
--> GET /api/trpc/ads.list,expense.getMonthlyStats,profile.getMyProfile?batch=1&input=%7B%220%22%3A%7B%22placement%22%3A%22sidebar%22%2C%22userPlan%22%3A%22free%22%7D%2C%221%22%3A%7B%22month%22%3A%222026-05%22%7D%7D [32m200[0m 12ms
<-- GET /api/trpc/ads.list,expense.getMonthlyStats,profile.getMyProfile?batch=1&input=%7B%220%22%3A%7B%22placement%22%3A%22sidebar%22%2C%22userPlan%22%3A%22free%22%7D%2C%221%22%3A%7B%22month%22%3A%222026-05%22%7D%7D
--> GET /api/trpc/ads.list,expense.getMonthlyStats,profile.getMyProfile?batch=1&input=%7B%220%22%3A%7B%22placement%22%3A%22sidebar%22%2C%22userPlan%22%3A%22free%22%7D%2C%221%22%3A%7B%22month%22%3A%222026-05%22%7D%7D [32m200[0m 11ms
<-- GET /api/trpc/auth.me,localAuth.me?batch=1&input=%7B%7D
--> GET /api/trpc/auth.me,localAuth.me?batch=1&input=%7B%7D [32m200[0m 7ms
<-- GET /api/trpc/auth.me,localAuth.me,ads.list,profile.getMyProfile,ai.getUserLimits,expense.list,expense.getMonthlyStats?batch=1&input=%7B%222%22%3A%7B%22placement%22%3A%22sidebar%22%2C%22userPlan%22%3A%22free%22%7D%2C%225%22%3A%7B%22limit%22%3A5%2C%22offset%22%3A0%7D%2C%226%22%3A%7B%22month%22%3A%222026-05%22%7D%7D
--> GET /api/trpc/auth.me,localAuth.me,ads.list,profile.getMyProfile,ai.getUserLimits,expense.list,expense.getMonthlyStats?batch=1&input=%7B%222%22%3A%7B%22placement%22%3A%22sidebar%22%2C%22userPlan%22%3A%22free%22%7D%2C%225%22%3A%7B%22limit%22%3A5%2C%22offset%22%3A0%7D%2C%226%22%3A%7B%22month%22%3A%222026-05%22%7D%7D [32m200[0m 14ms
<-- GET /api/trpc/ads.list,expense.getMonthlyStats,profile.getMyProfile,ai.getUserLimits,expense.list?batch=1&input=%7B%220%22%3A%7B%22placement%22%3A%22sidebar%22%2C%22userPlan%22%3A%22free%22%7D%2C%221%22%3A%7B%22month%22%3A%222026-05%22%7D%2C%224%22%3A%7B%22limit%22%3A5%2C%22offset%22%3A0%7D%7D
--> GET /api/trpc/ads.list,expense.getMonthlyStats,profile.getMyProfile,ai.getUserLimits,expense.list?batch=1&input=%7B%220%22%3A%7B%22placement%22%3A%22sidebar%22%2C%22userPlan%22%3A%22free%22%7D%2C%221%22%3A%7B%22month%22%3A%222026-05%22%7D%2C%224%22%3A%7B%22limit%22%3A5%2C%22offset%22%3A0%7D%7D [32m200[0m 32ms
<-- GET /api/trpc/ads.list,expense.getMonthlyStats,profile.getMyProfile,ai.getUserLimits,expense.list?batch=1&input=%7B%220%22%3A%7B%22placement%22%3A%22sidebar%22%2C%22userPlan%22%3A%22free%22%7D%2C%221%22%3A%7B%22month%22%3A%222026-05%22%7D%2C%224%22%3A%7B%22limit%22%3A5%2C%22offset%22%3A0%7D%7D
--> GET /api/trpc/ads.list,expense.getMonthlyStats,profile.getMyProfile,ai.getUserLimits,expense.list?batch=1&input=%7B%220%22%3A%7B%22placement%22%3A%22sidebar%22%2C%22userPlan%22%3A%22free%22%7D%2C%221%22%3A%7B%22month%22%3A%222026-05%22%7D%2C%224%22%3A%7B%22limit%22%3A5%2C%22offset%22%3A0%7D%7D [32m200[0m 14ms
<-- GET /api/trpc/ads.list,expense.getMonthlyStats,profile.getMyProfile,ai.getUserLimits,expense.list?batch=1&input=%7B%220%22%3A%7B%22placement%22%3A%22sidebar%22%2C%22userPlan%22%3A%22free%22%7D%2C%221%22%3A%7B%22month%22%3A%222026-05%22%7D%2C%224%22%3A%7B%22limit%22%3A5%2C%22offset%22%3A0%7D%7D
--> GET /api/trpc/ads.list,expense.getMonthlyStats,profile.getMyProfile,ai.getUserLimits,expense.list?batch=1&input=%7B%220%22%3A%7B%22placement%22%3A%22sidebar%22%2C%22userPlan%22%3A%22free%22%7D%2C%221%22%3A%7B%22month%22%3A%222026-05%22%7D%2C%224%22%3A%7B%22limit%22%3A5%2C%22offset%22%3A0%7D%7D [32m200[0m 27ms
<-- GET /api/trpc/auth.me,localAuth.me?batch=1&input=%7B%7D
--> GET /api/trpc/auth.me,localAuth.me?batch=1&input=%7B%7D [32m200[0m 12ms
<-- GET /api/trpc/auth.me,localAuth.me,ads.list,profile.getMyProfile,ai.getUserLimits,expense.list,expense.getMonthlyStats?batch=1&input=%7B%222%22%3A%7B%22placement%22%3A%22sidebar%22%2C%22userPlan%22%3A%22free%22%7D%2C%225%22%3A%7B%22limit%22%3A5%2C%22offset%22%3A0%7D%2C%226%22%3A%7B%22month%22%3A%222026-05%22%7D%7D
--> GET /api/trpc/auth.me,localAuth.me,ads.list,profile.getMyProfile,ai.getUserLimits,expense.list,expense.getMonthlyStats?batch=1&input=%7B%222%22%3A%7B%22placement%22%3A%22sidebar%22%2C%22userPlan%22%3A%22free%22%7D%2C%225%22%3A%7B%22limit%22%3A5%2C%22offset%22%3A0%7D%2C%226%22%3A%7B%22month%22%3A%222026-05%22%7D%7D [32m200[0m 34ms
<-- GET /api/trpc/ads.list,expense.getMonthlyStats,profile.getMyProfile,ai.getUserLimits,expense.list?batch=1&input=%7B%220%22%3A%7B%22placement%22%3A%22sidebar%22%2C%22userPlan%22%3A%22free%22%7D%2C%221%22%3A%7B%22month%22%3A%222026-05%22%7D%2C%224%22%3A%7B%22limit%22%3A5%2C%22offset%22%3A0%7D%7D
--> GET /api/trpc/ads.list,expense.getMonthlyStats,profile.getMyProfile,ai.getUserLimits,expense.list?batch=1&input=%7B%220%22%3A%7B%22placement%22%3A%22sidebar%22%2C%22userPlan%22%3A%22free%22%7D%2C%221%22%3A%7B%22month%22%3A%222026-05%22%7D%2C%224%22%3A%7B%22limit%22%3A5%2C%22offset%22%3A0%7D%7D [32m200[0m 36ms
<-- POST /api/trpc/ai.speechToText?batch=1
--> POST /api/trpc/ai.speechToText?batch=1 [32m200[0m 3s
<-- POST /api/trpc/ai.parseExpense?batch=1
--> POST /api/trpc/ai.parseExpense?batch=1 [32m200[0m 49ms
<-- POST /api/trpc/ai.speechToText?batch=1
--> POST /api/trpc/ai.speechToText?batch=1 [32m200[0m 3s
<-- POST /api/trpc/ai.parseExpense?batch=1
--> POST /api/trpc/ai.parseExpense?batch=1 [32m200[0m 46ms
<-- POST /api/trpc/expense.create?batch=1
--> POST /api/trpc/expense.create?batch=1 [32m200[0m 10ms
<-- GET /api/trpc/expense.getMonthlyStats,expense.list?batch=1&input=%7B%220%22%3A%7B%22month%22%3A%222026-05%22%7D%2C%221%22%3A%7B%22limit%22%3A5%2C%22offset%22%3A0%7D%7D
--> GET /api/trpc/expense.getMonthlyStats,expense.list?batch=1&input=%7B%220%22%3A%7B%22month%22%3A%222026-05%22%7D%2C%221%22%3A%7B%22limit%22%3A5%2C%22offset%22%3A0%7D%7D [32m200[0m 12ms
<-- POST /api/trpc/analytics.trackEvent?batch=1
<-- GET /api/trpc/ads.list,expense.getMonthlyStats,profile.getMyProfile,ai.getUserLimits,expense.list?batch=1&input=%7B%220%22%3A%7B%22placement%22%3A%22sidebar%22%2C%22userPlan%22%3A%22free%22%7D%2C%221%22%3A%7B%22month%22%3A%222026-05%22%7D%2C%224%22%3A%7B%22limit%22%3A5%2C%22offset%22%3A0%7D%7D
--> POST /api/trpc/analytics.trackEvent?batch=1 [32m200[0m 13ms
--> GET /api/trpc/ads.list,expense.getMonthlyStats,profile.getMyProfile,ai.getUserLimits,expense.list?batch=1&input=%7B%220%22%3A%7B%22placement%22%3A%22sidebar%22%2C%22userPlan%22%3A%22free%22%7D%2C%221%22%3A%7B%22month%22%3A%222026-05%22%7D%2C%224%22%3A%7B%22limit%22%3A5%2C%22offset%22%3A0%7D%7D [32m200[0m 15ms
<-- GET /api/trpc/ads.list,expense.getMonthlyStats,profile.getMyProfile,ai.getUserLimits,expense.list?batch=1&input=%7B%220%22%3A%7B%22placement%22%3A%22sidebar%22%2C%22userPlan%22%3A%22free%22%7D%2C%221%22%3A%7B%22month%22%3A%222026-05%22%7D%2C%224%22%3A%7B%22limit%22%3A5%2C%22offset%22%3A0%7D%7D
--> GET /api/trpc/ads.list,expense.getMonthlyStats,profile.getMyProfile,ai.getUserLimits,expense.list?batch=1&input=%7B%220%22%3A%7B%22placement%22%3A%22sidebar%22%2C%22userPlan%22%3A%22free%22%7D%2C%221%22%3A%7B%22month%22%3A%222026-05%22%7D%2C%224%22%3A%7B%22limit%22%3A5%2C%22offset%22%3A0%7D%7D [32m200[0m 17ms
<-- GET /api/trpc/ads.list,expense.getMonthlyStats,profile.getMyProfile?batch=1&input=%7B%220%22%3A%7B%22placement%22%3A%22sidebar%22%2C%22userPlan%22%3A%22free%22%7D%2C%221%22%3A%7B%22month%22%3A%222026-05%22%7D%7D
--> GET /api/trpc/ads.list,expense.getMonthlyStats,profile.getMyProfile?batch=1&input=%7B%220%22%3A%7B%22placement%22%3A%22sidebar%22%2C%22userPlan%22%3A%22free%22%7D%2C%221%22%3A%7B%22month%22%3A%222026-05%22%7D%7D [32m200[0m 18ms
<-- GET /api/trpc/auth.me,localAuth.me?batch=1&input=%7B%7D
--> GET /api/trpc/auth.me,localAuth.me?batch=1&input=%7B%7D [32m200[0m 6ms
<-- GET /api/trpc/auth.me,localAuth.me,ads.list,profile.getMyProfile,expense.getMonthlyStats?batch=1&input=%7B%222%22%3A%7B%22placement%22%3A%22sidebar%22%2C%22userPlan%22%3A%22free%22%7D%2C%224%22%3A%7B%22month%22%3A%222026-05%22%7D%7D
--> GET /api/trpc/auth.me,localAuth.me,ads.list,profile.getMyProfile,expense.getMonthlyStats?batch=1&input=%7B%222%22%3A%7B%22placement%22%3A%22sidebar%22%2C%22userPlan%22%3A%22free%22%7D%2C%224%22%3A%7B%22month%22%3A%222026-05%22%7D%7D [32m200[0m 12ms
<-- GET /api/trpc/ai.getUserLimits,expense.list?batch=1&input=%7B%221%22%3A%7B%22limit%22%3A5%2C%22offset%22%3A0%7D%7D
--> GET /api/trpc/ai.getUserLimits,expense.list?batch=1&input=%7B%221%22%3A%7B%22limit%22%3A5%2C%22offset%22%3A0%7D%7D [32m200[0m 29ms
<-- POST /api/trpc/ai.speechToText?batch=1
--> POST /api/trpc/ai.speechToText?batch=1 [32m200[0m 3s
<-- POST /api/trpc/ai.parseExpense?batch=1
--> POST /api/trpc/ai.parseExpense?batch=1 [32m200[0m 27ms
<-- POST /api/trpc/ai.speechToText?batch=1
--> POST /api/trpc/ai.speechToText?batch=1 [32m200[0m 3s
<-- POST /api/trpc/ai.parseExpense?batch=1
--> POST /api/trpc/ai.parseExpense?batch=1 [32m200[0m 43ms
<-- POST /api/trpc/expense.create?batch=1
--> POST /api/trpc/expense.create?batch=1 [32m200[0m 13ms
<-- GET /api/trpc/expense.getMonthlyStats,expense.list?batch=1&input=%7B%220%22%3A%7B%22month%22%3A%222026-05%22%7D%2C%221%22%3A%7B%22limit%22%3A5%2C%22offset%22%3A0%7D%7D
--> GET /api/trpc/expense.getMonthlyStats,expense.list?batch=1&input=%7B%220%22%3A%7B%22month%22%3A%222026-05%22%7D%2C%221%22%3A%7B%22limit%22%3A5%2C%22offset%22%3A0%7D%7D [32m200[0m 13ms
<-- POST /api/trpc/analytics.trackEvent?batch=1
<-- GET /api/trpc/ads.list,expense.getMonthlyStats,profile.getMyProfile,ai.getUserLimits,expense.list?batch=1&input=%7B%220%22%3A%7B%22placement%22%3A%22sidebar%22%2C%22userPlan%22%3A%22free%22%7D%2C%221%22%3A%7B%22month%22%3A%222026-05%22%7D%2C%224%22%3A%7B%22limit%22%3A5%2C%22offset%22%3A0%7D%7D
--> POST /api/trpc/analytics.trackEvent?batch=1 [32m200[0m 12ms
--> GET /api/trpc/ads.list,expense.getMonthlyStats,profile.getMyProfile,ai.getUserLimits,expense.list?batch=1&input=%7B%220%22%3A%7B%22placement%22%3A%22sidebar%22%2C%22userPlan%22%3A%22free%22%7D%2C%221%22%3A%7B%22month%22%3A%222026-05%22%7D%2C%224%22%3A%7B%22limit%22%3A5%2C%22offset%22%3A0%7D%7D [32m200[0m 14ms
<-- GET /api/trpc/ads.list,expense.getMonthlyStats,profile.getMyProfile,ai.getUserLimits,expense.list?batch=1&input=%7B%220%22%3A%7B%22placement%22%3A%22sidebar%22%2C%22userPlan%22%3A%22free%22%7D%2C%221%22%3A%7B%22month%22%3A%222026-05%22%7D%2C%224%22%3A%7B%22limit%22%3A5%2C%22offset%22%3A0%7D%7D
<-- GET /api/trpc/ads.list,expense.getMonthlyStats,profile.getMyProfile,ai.getUserLimits,expense.list?batch=1&input=%7B%220%22%3A%7B%22placement%22%3A%22sidebar%22%2C%22userPlan%22%3A%22free%22%7D%2C%221%22%3A%7B%22month%22%3A%222026-05%22%7D%2C%224%22%3A%7B%22limit%22%3A5%2C%22offset%22%3A0%7D%7D
--> GET /api/trpc/ads.list,expense.getMonthlyStats,profile.getMyProfile,ai.getUserLimits,expense.list?batch=1&input=%7B%220%22%3A%7B%22placement%22%3A%22sidebar%22%2C%22userPlan%22%3A%22free%22%7D%2C%221%22%3A%7B%22month%22%3A%222026-05%22%7D%2C%224%22%3A%7B%22limit%22%3A5%2C%22offset%22%3A0%7D%7D [32m200[0m 61ms
--> GET /api/trpc/ads.list,expense.getMonthlyStats,profile.getMyProfile,ai.getUserLimits,expense.list?batch=1&input=%7B%220%22%3A%7B%22placement%22%3A%22sidebar%22%2C%22userPlan%22%3A%22free%22%7D%2C%221%22%3A%7B%22month%22%3A%222026-05%22%7D%2C%224%22%3A%7B%22limit%22%3A5%2C%22offset%22%3A0%7D%7D [32m200[0m 63ms
<-- GET /api/trpc/ads.list,expense.getMonthlyStats,profile.getMyProfile,ai.getUserLimits,expense.list?batch=1&input=%7B%220%22%3A%7B%22placement%22%3A%22sidebar%22%2C%22userPlan%22%3A%22free%22%7D%2C%221%22%3A%7B%22month%22%3A%222026-05%22%7D%2C%224%22%3A%7B%22limit%22%3A5%2C%22offset%22%3A0%7D%7D
--> GET /api/trpc/ads.list,expense.getMonthlyStats,profile.getMyProfile,ai.getUserLimits,expense.list?batch=1&input=%7B%220%22%3A%7B%22placement%22%3A%22sidebar%22%2C%22userPlan%22%3A%22free%22%7D%2C%221%22%3A%7B%22month%22%3A%222026-05%22%7D%2C%224%22%3A%7B%22limit%22%3A5%2C%22offset%22%3A0%7D%7D [32m200[0m 13ms
<-- GET /api/trpc/ads.list,expense.getMonthlyStats,profile.getMyProfile,ai.getUserLimits,expense.list?batch=1&input=%7B%220%22%3A%7B%22placement%22%3A%22sidebar%22%2C%22userPlan%22%3A%22free%22%7D%2C%221%22%3A%7B%22month%22%3A%222026-05%22%7D%2C%224%22%3A%7B%22limit%22%3A5%2C%22offset%22%3A0%7D%7D
--> GET /api/trpc/ads.list,expense.getMonthlyStats,profile.getMyProfile,ai.getUserLimits,expense.list?batch=1&input=%7B%220%22%3A%7B%22placement%22%3A%22sidebar%22%2C%22userPlan%22%3A%22free%22%7D%2C%221%22%3A%7B%22month%22%3A%222026-05%22%7D%2C%224%22%3A%7B%22limit%22%3A5%2C%22offset%22%3A0%7D%7D [32m200[0m 15ms
<-- POST /api/trpc/ai.generateMonthlyInsights?batch=1
<-- GET /api/trpc/ads.list,expense.getMonthlyStats,profile.getMyProfile?batch=1&input=%7B%220%22%3A%7B%22placement%22%3A%22sidebar%22%2C%22userPlan%22%3A%22free%22%7D%2C%221%22%3A%7B%22month%22%3A%222026-05%22%7D%7D
--> GET /api/trpc/ads.list,expense.getMonthlyStats,profile.getMyProfile?batch=1&input=%7B%220%22%3A%7B%22placement%22%3A%22sidebar%22%2C%22userPlan%22%3A%22free%22%7D%2C%221%22%3A%7B%22month%22%3A%222026-05%22%7D%7D [32m200[0m 17ms
<-- POST /api/trpc/analytics.trackEvent?batch=1
--> POST /api/trpc/analytics.trackEvent?batch=1 [32m200[0m 13ms
<-- GET /api/trpc/ads.list,expense.getMonthlyStats,profile.getMyProfile?batch=1&input=%7B%220%22%3A%7B%22placement%22%3A%22sidebar%22%2C%22userPlan%22%3A%22free%22%7D%2C%221%22%3A%7B%22month%22%3A%222026-05%22%7D%7D
--> GET /api/trpc/ads.list,expense.getMonthlyStats,profile.getMyProfile?batch=1&input=%7B%220%22%3A%7B%22placement%22%3A%22sidebar%22%2C%22userPlan%22%3A%22free%22%7D%2C%221%22%3A%7B%22month%22%3A%222026-05%22%7D%7D [32m200[0m 10ms
<-- GET /api/trpc/ads.list,expense.getMonthlyStats,profile.getMyProfile?batch=1&input=%7B%220%22%3A%7B%22placement%22%3A%22sidebar%22%2C%22userPlan%22%3A%22free%22%7D%2C%221%22%3A%7B%22month%22%3A%222026-05%22%7D%7D
--> GET /api/trpc/ads.list,expense.getMonthlyStats,profile.getMyProfile?batch=1&input=%7B%220%22%3A%7B%22placement%22%3A%22sidebar%22%2C%22userPlan%22%3A%22free%22%7D%2C%221%22%3A%7B%22month%22%3A%222026-05%22%7D%7D [32m200[0m 13ms
--> POST /api/trpc/ai.generateMonthlyInsights?batch=1 [32m200[0m 46s
<-- GET /api/trpc/ads.list,expense.getMonthlyStats,profile.getMyProfile?batch=1&input=%7B%220%22%3A%7B%22placement%22%3A%22sidebar%22%2C%22userPlan%22%3A%22free%22%7D%2C%221%22%3A%7B%22month%22%3A%222026-05%22%7D%7D
--> GET /api/trpc/ads.list,expense.getMonthlyStats,profile.getMyProfile?batch=1&input=%7B%220%22%3A%7B%22placement%22%3A%22sidebar%22%2C%22userPlan%22%3A%22free%22%7D%2C%221%22%3A%7B%22month%22%3A%222026-05%22%7D%7D [32m200[0m 8ms
<-- GET /api/trpc/ads.list,expense.getMonthlyStats,profile.getMyProfile?batch=1&input=%7B%220%22%3A%7B%22placement%22%3A%22sidebar%22%2C%22userPlan%22%3A%22free%22%7D%2C%221%22%3A%7B%22month%22%3A%222026-05%22%7D%7D
--> GET /api/trpc/ads.list,expense.getMonthlyStats,profile.getMyProfile?batch=1&input=%7B%220%22%3A%7B%22placement%22%3A%22sidebar%22%2C%22userPlan%22%3A%22free%22%7D%2C%221%22%3A%7B%22month%22%3A%222026-05%22%7D%7D [32m200[0m 9ms
<-- GET /api/trpc/auth.me,localAuth.me?batch=1&input=%7B%7D
--> GET /api/trpc/auth.me,localAuth.me?batch=1&input=%7B%7D [32m200[0m 11ms
<-- GET /api/trpc/auth.me,localAuth.me,ads.list,profile.getMyProfile,ai.getUserLimits,expense.list,expense.getMonthlyStats?batch=1&input=%7B%222%22%3A%7B%22placement%22%3A%22sidebar%22%2C%22userPlan%22%3A%22free%22%7D%2C%225%22%3A%7B%22limit%22%3A5%2C%22offset%22%3A0%7D%2C%226%22%3A%7B%22month%22%3A%222026-05%22%7D%7D
--> GET /api/trpc/auth.me,localAuth.me,ads.list,profile.getMyProfile,ai.getUserLimits,expense.list,expense.getMonthlyStats?batch=1&input=%7B%222%22%3A%7B%22placement%22%3A%22sidebar%22%2C%22userPlan%22%3A%22free%22%7D%2C%225%22%3A%7B%22limit%22%3A5%2C%22offset%22%3A0%7D%2C%226%22%3A%7B%22month%22%3A%222026-05%22%7D%7D [32m200[0m 33ms
<-- GET /api/trpc/auth.me,localAuth.me?batch=1&input=%7B%7D
<-- GET /api/trpc/admin.getDashboardStats,admin.listAllUsers,admin.getActivityLog,admin.getAIClassificationStats,admin.getClassificationLogs,admin.getVoiceUsageStats?batch=1&input=%7B%221%22%3A%7B%22page%22%3A1%2C%22limit%22%3A50%7D%2C%222%22%3A%7B%22limit%22%3A50%7D%2C%224%22%3A%7B%22page%22%3A1%2C%22limit%22%3A50%7D%7D
<-- GET /api/trpc/seo.getPage?batch=1&input=%7B%220%22%3A%7B%22path%22%3A%22%2Fadmin%22%7D%7D
--> GET /api/trpc/auth.me,localAuth.me?batch=1&input=%7B%7D [32m200[0m 37ms
--> GET /api/trpc/seo.getPage?batch=1&input=%7B%220%22%3A%7B%22path%22%3A%22%2Fadmin%22%7D%7D [32m200[0m 56ms
--> GET /api/trpc/admin.getDashboardStats,admin.listAllUsers,admin.getActivityLog,admin.getAIClassificationStats,admin.getClassificationLogs,admin.getVoiceUsageStats?batch=1&input=%7B%221%22%3A%7B%22page%22%3A1%2C%22limit%22%3A50%7D%2C%222%22%3A%7B%22limit%22%3A50%7D%2C%224%22%3A%7B%22page%22%3A1%2C%22limit%22%3A50%7D%7D [32m207[0m 116ms
<-- GET /api/trpc/admin.getSettings,admin.getAvailableModels?batch=1&input=%7B%7D
<-- GET /api/trpc/admin.getAIClassificationStats,admin.getClassificationLogs,admin.getVoiceUsageStats?batch=1&input=%7B%221%22%3A%7B%22page%22%3A1%2C%22limit%22%3A50%7D%7D
--> GET /api/trpc/admin.getSettings,admin.getAvailableModels?batch=1&input=%7B%7D [32m200[0m 17ms
--> GET /api/trpc/admin.getAIClassificationStats,admin.getClassificationLogs,admin.getVoiceUsageStats?batch=1&input=%7B%221%22%3A%7B%22page%22%3A1%2C%22limit%22%3A50%7D%7D [31m500[0m 20ms
<-- GET /api/trpc/admin.getAIClassificationStats,admin.getClassificationLogs,admin.getVoiceUsageStats?batch=1&input=%7B%221%22%3A%7B%22page%22%3A1%2C%22limit%22%3A50%7D%7D
--> GET /api/trpc/admin.getAIClassificationStats,admin.getClassificationLogs,admin.getVoiceUsageStats?batch=1&input=%7B%221%22%3A%7B%22page%22%3A1%2C%22limit%22%3A50%7D%7D [31m500[0m 15ms
<-- GET /api/trpc/admin.getAIClassificationStats,admin.getClassificationLogs,admin.getVoiceUsageStats?batch=1&input=%7B%221%22%3A%7B%22page%22%3A1%2C%22limit%22%3A50%7D%7D
--> GET /api/trpc/admin.getAIClassificationStats,admin.getClassificationLogs,admin.getVoiceUsageStats?batch=1&input=%7B%221%22%3A%7B%22page%22%3A1%2C%22limit%22%3A50%7D%7D [31m500[0m 11ms
<-- POST /api/trpc/admin.updateSettings?batch=1
--> POST /api/trpc/admin.updateSettings?batch=1 [32m200[0m 86ms
<-- GET /api/trpc/admin.getSettings?batch=1&input=%7B%7D
--> GET /api/trpc/admin.getSettings?batch=1&input=%7B%7D [32m200[0m 12ms
<-- GET /api/trpc/auth.me,localAuth.me?batch=1&input=%7B%7D
<-- GET /api/trpc/profile.getMyProfile,ai.getUserLimits,expense.list,expense.getMonthlyStats?batch=1&input=%7B%222%22%3A%7B%22limit%22%3A5%2C%22offset%22%3A0%7D%2C%223%22%3A%7B%22month%22%3A%222026-05%22%7D%7D
--> GET /api/trpc/auth.me,localAuth.me?batch=1&input=%7B%7D [32m200[0m 22ms
--> GET /api/trpc/profile.getMyProfile,ai.getUserLimits,expense.list,expense.getMonthlyStats?batch=1&input=%7B%222%22%3A%7B%22limit%22%3A5%2C%22offset%22%3A0%7D%2C%223%22%3A%7B%22month%22%3A%222026-05%22%7D%7D [32m200[0m 32ms
<-- POST /api/trpc/ai.speechToText?batch=1
--> POST /api/trpc/ai.speechToText?batch=1 [32m200[0m 4s
<-- POST /api/trpc/ai.parseExpense?batch=1
--> POST /api/trpc/ai.parseExpense?batch=1 [32m200[0m 5s
<-- POST /api/trpc/expense.create,expense.create?batch=1
--> POST /api/trpc/expense.create,expense.create?batch=1 [32m200[0m 14ms
<-- GET /api/trpc/expense.getMonthlyStats,expense.list,expense.getMonthlyStats,expense.list?batch=1&input=%7B%220%22%3A%7B%22month%22%3A%222026-05%22%7D%2C%221%22%3A%7B%22limit%22%3A5%2C%22offset%22%3A0%7D%2C%222%22%3A%7B%22month%22%3A%222026-05%22%7D%2C%223%22%3A%7B%22limit%22%3A5%2C%22offset%22%3A0%7D%7D
--> GET /api/trpc/expense.getMonthlyStats,expense.list,expense.getMonthlyStats,expense.list?batch=1&input=%7B%220%22%3A%7B%22month%22%3A%222026-05%22%7D%2C%221%22%3A%7B%22limit%22%3A5%2C%22offset%22%3A0%7D%2C%222%22%3A%7B%22month%22%3A%222026-05%22%7D%2C%223%22%3A%7B%22limit%22%3A5%2C%22offset%22%3A0%7D%7D [32m200[0m 28ms
<-- POST /api/trpc/analytics.trackEvent?batch=1
--> POST /api/trpc/analytics.trackEvent?batch=1 [32m200[0m 13ms
<-- GET /api/trpc/ads.list,expense.getMonthlyStats,profile.getMyProfile,ai.getUserLimits,expense.list?batch=1&input=%7B%220%22%3A%7B%22placement%22%3A%22sidebar%22%2C%22userPlan%22%3A%22free%22%7D%2C%221%22%3A%7B%22month%22%3A%222026-05%22%7D%2C%224%22%3A%7B%22limit%22%3A5%2C%22offset%22%3A0%7D%7D
--> GET /api/trpc/ads.list,expense.getMonthlyStats,profile.getMyProfile,ai.getUserLimits,expense.list?batch=1&input=%7B%220%22%3A%7B%22placement%22%3A%22sidebar%22%2C%22userPlan%22%3A%22free%22%7D%2C%221%22%3A%7B%22month%22%3A%222026-05%22%7D%2C%224%22%3A%7B%22limit%22%3A5%2C%22offset%22%3A0%7D%7D [32m200[0m 25ms
<-- POST /api/trpc/analytics.trackEvent?batch=1
--> POST /api/trpc/analytics.trackEvent?batch=1 [32m200[0m 23ms
<-- GET /api/trpc/ads.list,expense.getMonthlyStats,profile.getMyProfile,ai.getUserLimits,expense.list?batch=1&input=%7B%220%22%3A%7B%22placement%22%3A%22sidebar%22%2C%22userPlan%22%3A%22free%22%7D%2C%221%22%3A%7B%22month%22%3A%222026-05%22%7D%2C%224%22%3A%7B%22limit%22%3A5%2C%22offset%22%3A0%7D%7D
--> GET /api/trpc/ads.list,expense.getMonthlyStats,profile.getMyProfile,ai.getUserLimits,expense.list?batch=1&input=%7B%220%22%3A%7B%22placement%22%3A%22sidebar%22%2C%22userPlan%22%3A%22free%22%7D%2C%221%22%3A%7B%22month%22%3A%222026-05%22%7D%2C%224%22%3A%7B%22limit%22%3A5%2C%22offset%22%3A0%7D%7D [32m200[0m 19ms
<-- POST /api/trpc/analytics.trackEvent?batch=1
--> POST /api/trpc/analytics.trackEvent?batch=1 [32m200[0m 9ms
<-- GET /api/trpc/ads.list,expense.getMonthlyStats,profile.getMyProfile?batch=1&input=%7B%220%22%3A%7B%22placement%22%3A%22sidebar%22%2C%22userPlan%22%3A%22free%22%7D%2C%221%22%3A%7B%22month%22%3A%222026-05%22%7D%7D
--> GET /api/trpc/ads.list,expense.getMonthlyStats,profile.getMyProfile?batch=1&input=%7B%220%22%3A%7B%22placement%22%3A%22sidebar%22%2C%22userPlan%22%3A%22free%22%7D%2C%221%22%3A%7B%22month%22%3A%222026-05%22%7D%7D [32m200[0m 14ms
<-- GET /api/trpc/ai.getUserLimits,expense.list?batch=1&input=%7B%221%22%3A%7B%22limit%22%3A5%2C%22offset%22%3A0%7D%7D
--> GET /api/trpc/ai.getUserLimits,expense.list?batch=1&input=%7B%221%22%3A%7B%22limit%22%3A5%2C%22offset%22%3A0%7D%7D [32m200[0m 16ms
<-- POST /api/trpc/analytics.trackEvent?batch=1
--> POST /api/trpc/analytics.trackEvent?batch=1 [32m200[0m 11ms
<-- GET /api/trpc/ads.list,expense.getMonthlyStats,profile.getMyProfile?batch=1&input=%7B%220%22%3A%7B%22placement%22%3A%22sidebar%22%2C%22userPlan%22%3A%22free%22%7D%2C%221%22%3A%7B%22month%22%3A%222026-05%22%7D%7D
--> GET /api/trpc/ads.list,expense.getMonthlyStats,profile.getMyProfile?batch=1&input=%7B%220%22%3A%7B%22placement%22%3A%22sidebar%22%2C%22userPlan%22%3A%22free%22%7D%2C%221%22%3A%7B%22month%22%3A%222026-05%22%7D%7D [32m200[0m 9ms
<-- GET /api/trpc/ads.list,expense.getMonthlyStats,profile.getMyProfile?batch=1&input=%7B%220%22%3A%7B%22placement%22%3A%22sidebar%22%2C%22userPlan%22%3A%22free%22%7D%2C%221%22%3A%7B%22month%22%3A%222026-05%22%7D%7D
--> GET /api/trpc/ads.list,expense.getMonthlyStats,profile.getMyProfile?batch=1&input=%7B%220%22%3A%7B%22placement%22%3A%22sidebar%22%2C%22userPlan%22%3A%22free%22%7D%2C%221%22%3A%7B%22month%22%3A%222026-05%22%7D%7D [32m200[0m 8ms
<-- GET /api/trpc/ads.list,expense.getMonthlyStats,profile.getMyProfile?batch=1&input=%7B%220%22%3A%7B%22placement%22%3A%22sidebar%22%2C%22userPlan%22%3A%22free%22%7D%2C%221%22%3A%7B%22month%22%3A%222026-05%22%7D%7D
--> GET /api/trpc/ads.list,expense.getMonthlyStats,profile.getMyProfile?batch=1&input=%7B%220%22%3A%7B%22placement%22%3A%22sidebar%22%2C%22userPlan%22%3A%22free%22%7D%2C%221%22%3A%7B%22month%22%3A%222026-05%22%7D%7D [32m200[0m 8ms
<-- GET /api/trpc/ads.list,expense.getMonthlyStats,profile.getMyProfile?batch=1&input=%7B%220%22%3A%7B%22placement%22%3A%22sidebar%22%2C%22userPlan%22%3A%22free%22%7D%2C%221%22%3A%7B%22month%22%3A%222026-05%22%7D%7D
--> GET /api/trpc/ads.list,expense.getMonthlyStats,profile.getMyProfile?batch=1&input=%7B%220%22%3A%7B%22placement%22%3A%22sidebar%22%2C%22userPlan%22%3A%22free%22%7D%2C%221%22%3A%7B%22month%22%3A%222026-05%22%7D%7D [32m200[0m 7ms
<-- GET /api/trpc/ads.list,expense.getMonthlyStats,profile.getMyProfile?batch=1&input=%7B%220%22%3A%7B%22placement%22%3A%22sidebar%22%2C%22userPlan%22%3A%22free%22%7D%2C%221%22%3A%7B%22month%22%3A%222026-05%22%7D%7D
--> GET /api/trpc/ads.list,expense.getMonthlyStats,profile.getMyProfile?batch=1&input=%7B%220%22%3A%7B%22placement%22%3A%22sidebar%22%2C%22userPlan%22%3A%22free%22%7D%2C%221%22%3A%7B%22month%22%3A%222026-05%22%7D%7D [32m200[0m 7ms
<-- GET /api/trpc/ads.list,expense.getMonthlyStats,profile.getMyProfile?batch=1&input=%7B%220%22%3A%7B%22placement%22%3A%22sidebar%22%2C%22userPlan%22%3A%22free%22%7D%2C%221%22%3A%7B%22month%22%3A%222026-05%22%7D%7D
--> GET /api/trpc/ads.list,expense.getMonthlyStats,profile.getMyProfile?batch=1&input=%7B%220%22%3A%7B%22placement%22%3A%22sidebar%22%2C%22userPlan%22%3A%22free%22%7D%2C%221%22%3A%7B%22month%22%3A%222026-05%22%7D%7D [32m200[0m 8ms
<-- POST /api/trpc/analytics.trackEvent?batch=1
--> POST /api/trpc/analytics.trackEvent?batch=1 [33m400[0m 8ms
<-- GET /api/trpc/auth.me,localAuth.me?batch=1&input=%7B%7D
--> GET /api/trpc/auth.me,localAuth.me?batch=1&input=%7B%7D [32m200[0m 5ms
<-- GET /api/trpc/auth.me,localAuth.me,ads.list,profile.getMyProfile,ai.getUserLimits,expense.list,expense.getMonthlyStats?batch=1&input=%7B%222%22%3A%7B%22placement%22%3A%22sidebar%22%2C%22userPlan%22%3A%22free%22%7D%2C%225%22%3A%7B%22limit%22%3A5%2C%22offset%22%3A0%7D%2C%226%22%3A%7B%22month%22%3A%222026-05%22%7D%7D
--> GET /api/trpc/auth.me,localAuth.me,ads.list,profile.getMyProfile,ai.getUserLimits,expense.list,expense.getMonthlyStats?batch=1&input=%7B%222%22%3A%7B%22placement%22%3A%22sidebar%22%2C%22userPlan%22%3A%22free%22%7D%2C%225%22%3A%7B%22limit%22%3A5%2C%22offset%22%3A0%7D%2C%226%22%3A%7B%22month%22%3A%222026-05%22%7D%7D [32m200[0m 14ms
<-- GET /api/trpc/auth.me,localAuth.me?batch=1&input=%7B%7D
--> GET /api/trpc/auth.me,localAuth.me?batch=1&input=%7B%7D [32m200[0m 7ms
<-- GET /api/trpc/auth.me,localAuth.me,ads.list,profile.getMyProfile,expense.getMonthlyStats?batch=1&input=%7B%222%22%3A%7B%22placement%22%3A%22sidebar%22%2C%22userPlan%22%3A%22free%22%7D%2C%224%22%3A%7B%22month%22%3A%222026-05%22%7D%7D
--> GET /api/trpc/auth.me,localAuth.me,ads.list,profile.getMyProfile,expense.getMonthlyStats?batch=1&input=%7B%222%22%3A%7B%22placement%22%3A%22sidebar%22%2C%22userPlan%22%3A%22free%22%7D%2C%224%22%3A%7B%22month%22%3A%222026-05%22%7D%7D [32m200[0m 12ms
<-- GET /api/trpc/ads.list,expense.getMonthlyStats,profile.getMyProfile?batch=1&input=%7B%220%22%3A%7B%22placement%22%3A%22sidebar%22%2C%22userPlan%22%3A%22free%22%7D%2C%221%22%3A%7B%22month%22%3A%222026-05%22%7D%7D
--> GET /api/trpc/ads.list,expense.getMonthlyStats,profile.getMyProfile?batch=1&input=%7B%220%22%3A%7B%22placement%22%3A%22sidebar%22%2C%22userPlan%22%3A%22free%22%7D%2C%221%22%3A%7B%22month%22%3A%222026-05%22%7D%7D [32m200[0m 8ms
<-- GET /api/trpc/ads.list,expense.getMonthlyStats,profile.getMyProfile?batch=1&input=%7B%220%22%3A%7B%22placement%22%3A%22sidebar%22%2C%22userPlan%22%3A%22free%22%7D%2C%221%22%3A%7B%22month%22%3A%222026-05%22%7D%7D
--> GET /api/trpc/ads.list,expense.getMonthlyStats,profile.getMyProfile?batch=1&input=%7B%220%22%3A%7B%22placement%22%3A%22sidebar%22%2C%22userPlan%22%3A%22free%22%7D%2C%221%22%3A%7B%22month%22%3A%222026-05%22%7D%7D [32m200[0m 9ms
<-- GET /api/trpc/ads.list,expense.getMonthlyStats,profile.getMyProfile?batch=1&input=%7B%220%22%3A%7B%22placement%22%3A%22sidebar%22%2C%22userPlan%22%3A%22free%22%7D%2C%221%22%3A%7B%22month%22%3A%222026-05%22%7D%7D
--> GET /api/trpc/ads.list,expense.getMonthlyStats,profile.getMyProfile?batch=1&input=%7B%220%22%3A%7B%22placement%22%3A%22sidebar%22%2C%22userPlan%22%3A%22free%22%7D%2C%221%22%3A%7B%22month%22%3A%222026-05%22%7D%7D [32m200[0m 6ms
<-- POST /api/trpc/analytics.trackEvent?batch=1
--> POST /api/trpc/analytics.trackEvent?batch=1 [33m400[0m 6ms
<-- GET /api/trpc/auth.me,localAuth.me?batch=1&input=%7B%7D
--> GET /api/trpc/auth.me,localAuth.me?batch=1&input=%7B%7D [32m200[0m 5ms
<-- GET /api/trpc/auth.me,localAuth.me?batch=1&input=%7B%7D
--> GET /api/trpc/auth.me,localAuth.me?batch=1&input=%7B%7D [32m200[0m 4ms
<-- GET /api/trpc/auth.me,localAuth.me,ads.list,profile.getMyProfile,expense.getMonthlyStats?batch=1&input=%7B%222%22%3A%7B%22placement%22%3A%22sidebar%22%2C%22userPlan%22%3A%22free%22%7D%2C%224%22%3A%7B%22month%22%3A%222026-05%22%7D%7D
--> GET /api/trpc/auth.me,localAuth.me,ads.list,profile.getMyProfile,expense.getMonthlyStats?batch=1&input=%7B%222%22%3A%7B%22placement%22%3A%22sidebar%22%2C%22userPlan%22%3A%22free%22%7D%2C%224%22%3A%7B%22month%22%3A%222026-05%22%7D%7D [32m200[0m 10ms
<-- GET /api/trpc/auth.me,localAuth.me,ads.list,profile.getMyProfile,ai.getUserLimits,expense.list,expense.getMonthlyStats?batch=1&input=%7B%222%22%3A%7B%22placement%22%3A%22sidebar%22%2C%22userPlan%22%3A%22free%22%7D%2C%225%22%3A%7B%22limit%22%3A5%2C%22offset%22%3A0%7D%2C%226%22%3A%7B%22month%22%3A%222026-05%22%7D%7D
--> GET /api/trpc/auth.me,localAuth.me,ads.list,profile.getMyProfile,ai.getUserLimits,expense.list,expense.getMonthlyStats?batch=1&input=%7B%222%22%3A%7B%22placement%22%3A%22sidebar%22%2C%22userPlan%22%3A%22free%22%7D%2C%225%22%3A%7B%22limit%22%3A5%2C%22offset%22%3A0%7D%2C%226%22%3A%7B%22month%22%3A%222026-05%22%7D%7D [32m200[0m 12ms
<-- GET /api/trpc/ads.list,expense.getMonthlyStats,profile.getMyProfile?batch=1&input=%7B%220%22%3A%7B%22placement%22%3A%22sidebar%22%2C%22userPlan%22%3A%22free%22%7D%2C%221%22%3A%7B%22month%22%3A%222026-05%22%7D%7D
--> GET /api/trpc/ads.list,expense.getMonthlyStats,profile.getMyProfile?batch=1&input=%7B%220%22%3A%7B%22placement%22%3A%22sidebar%22%2C%22userPlan%22%3A%22free%22%7D%2C%221%22%3A%7B%22month%22%3A%222026-05%22%7D%7D [32m200[0m 7ms
<-- GET /api/trpc/auth.me,localAuth.me?batch=1&input=%7B%7D
--> GET /api/trpc/auth.me,localAuth.me?batch=1&input=%7B%7D [32m200[0m 6ms
<-- GET /api/trpc/auth.me,localAuth.me,ads.list,profile.getMyProfile,expense.getMonthlyStats?batch=1&input=%7B%222%22%3A%7B%22placement%22%3A%22sidebar%22%2C%22userPlan%22%3A%22free%22%7D%2C%224%22%3A%7B%22month%22%3A%222026-05%22%7D%7D
--> GET /api/trpc/auth.me,localAuth.me,ads.list,profile.getMyProfile,expense.getMonthlyStats?batch=1&input=%7B%222%22%3A%7B%22placement%22%3A%22sidebar%22%2C%22userPlan%22%3A%22free%22%7D%2C%224%22%3A%7B%22month%22%3A%222026-05%22%7D%7D [32m200[0m 9ms
<-- GET /api/trpc/auth.me,localAuth.me?batch=1&input=%7B%7D
--> GET /api/trpc/auth.me,localAuth.me?batch=1&input=%7B%7D [32m200[0m 4ms
<-- GET /api/trpc/auth.me,localAuth.me,ads.list,profile.getMyProfile,ai.getUserLimits,expense.list,expense.getMonthlyStats?batch=1&input=%7B%222%22%3A%7B%22placement%22%3A%22sidebar%22%2C%22userPlan%22%3A%22free%22%7D%2C%225%22%3A%7B%22limit%22%3A5%2C%22offset%22%3A0%7D%2C%226%22%3A%7B%22month%22%3A%222026-05%22%7D%7D
--> GET /api/trpc/auth.me,localAuth.me,ads.list,profile.getMyProfile,ai.getUserLimits,expense.list,expense.getMonthlyStats?batch=1&input=%7B%222%22%3A%7B%22placement%22%3A%22sidebar%22%2C%22userPlan%22%3A%22free%22%7D%2C%225%22%3A%7B%22limit%22%3A5%2C%22offset%22%3A0%7D%2C%226%22%3A%7B%22month%22%3A%222026-05%22%7D%7D [32m200[0m 10ms
<-- POST /api/trpc/analytics.trackEvent?batch=1
<-- POST /api/trpc/analytics.trackEvent?batch=1
--> POST /api/trpc/analytics.trackEvent?batch=1 [33m400[0m 8ms
--> POST /api/trpc/analytics.trackEvent?batch=1 [32m200[0m 11ms
<-- GET /api/trpc/auth.me,localAuth.me?batch=1&input=%7B%7D
--> GET /api/trpc/auth.me,localAuth.me?batch=1&input=%7B%7D [32m200[0m 5ms
<-- GET /api/trpc/auth.me,localAuth.me,ads.list,profile.getMyProfile,ai.getUserLimits,expense.list,expense.getMonthlyStats?batch=1&input=%7B%222%22%3A%7B%22placement%22%3A%22sidebar%22%2C%22userPlan%22%3A%22free%22%7D%2C%225%22%3A%7B%22limit%22%3A5%2C%22offset%22%3A0%7D%2C%226%22%3A%7B%22month%22%3A%222026-05%22%7D%7D
--> GET /api/trpc/auth.me,localAuth.me,ads.list,profile.getMyProfile,ai.getUserLimits,expense.list,expense.getMonthlyStats?batch=1&input=%7B%222%22%3A%7B%22placement%22%3A%22sidebar%22%2C%22userPlan%22%3A%22free%22%7D%2C%225%22%3A%7B%22limit%22%3A5%2C%22offset%22%3A0%7D%2C%226%22%3A%7B%22month%22%3A%222026-05%22%7D%7D [32m200[0m 12ms
<-- GET /api/trpc/auth.me,localAuth.me?batch=1&input=%7B%7D
--> GET /api/trpc/auth.me,localAuth.me?batch=1&input=%7B%7D [32m200[0m 5ms
<-- GET /api/trpc/auth.me,localAuth.me,ads.list,profile.getMyProfile,expense.getMonthlyStats?batch=1&input=%7B%222%22%3A%7B%22placement%22%3A%22sidebar%22%2C%22userPlan%22%3A%22free%22%7D%2C%224%22%3A%7B%22month%22%3A%222026-05%22%7D%7D
--> GET /api/trpc/auth.me,localAuth.me,ads.list,profile.getMyProfile,expense.getMonthlyStats?batch=1&input=%7B%222%22%3A%7B%22placement%22%3A%22sidebar%22%2C%22userPlan%22%3A%22free%22%7D%2C%224%22%3A%7B%22month%22%3A%222026-05%22%7D%7D [32m200[0m 8ms
<-- GET /api/trpc/auth.me,localAuth.me?batch=1&input=%7B%7D
--> GET /api/trpc/auth.me,localAuth.me?batch=1&input=%7B%7D [32m200[0m 7ms
<-- GET /api/trpc/auth.me,localAuth.me,ads.list,profile.getMyProfile,ai.getUserLimits,expense.list,expense.getMonthlyStats?batch=1&input=%7B%222%22%3A%7B%22placement%22%3A%22sidebar%22%2C%22userPlan%22%3A%22free%22%7D%2C%225%22%3A%7B%22limit%22%3A5%2C%22offset%22%3A0%7D%2C%226%22%3A%7B%22month%22%3A%222026-05%22%7D%7D
--> GET /api/trpc/auth.me,localAuth.me,ads.list,profile.getMyProfile,ai.getUserLimits,expense.list,expense.getMonthlyStats?batch=1&input=%7B%222%22%3A%7B%22placement%22%3A%22sidebar%22%2C%22userPlan%22%3A%22free%22%7D%2C%225%22%3A%7B%22limit%22%3A5%2C%22offset%22%3A0%7D%2C%226%22%3A%7B%22month%22%3A%222026-05%22%7D%7D [32m200[0m 21ms
<-- GET /api/trpc/auth.me,localAuth.me?batch=1&input=%7B%7D
--> GET /api/trpc/auth.me,localAuth.me?batch=1&input=%7B%7D [32m200[0m 6ms
<-- GET /api/trpc/auth.me,localAuth.me,ads.list,profile.getMyProfile,expense.getMonthlyStats?batch=1&input=%7B%222%22%3A%7B%22placement%22%3A%22sidebar%22%2C%22userPlan%22%3A%22free%22%7D%2C%224%22%3A%7B%22month%22%3A%222026-05%22%7D%7D
--> GET /api/trpc/auth.me,localAuth.me,ads.list,profile.getMyProfile,expense.getMonthlyStats?batch=1&input=%7B%222%22%3A%7B%22placement%22%3A%22sidebar%22%2C%22userPlan%22%3A%22free%22%7D%2C%224%22%3A%7B%22month%22%3A%222026-05%22%7D%7D [32m200[0m 10ms
<-- GET /api/trpc/ads.list,expense.getMonthlyStats,profile.getMyProfile?batch=1&input=%7B%220%22%3A%7B%22placement%22%3A%22sidebar%22%2C%22userPlan%22%3A%22free%22%7D%2C%221%22%3A%7B%22month%22%3A%222026-05%22%7D%7D
--> GET /api/trpc/ads.list,expense.getMonthlyStats,profile.getMyProfile?batch=1&input=%7B%220%22%3A%7B%22placement%22%3A%22sidebar%22%2C%22userPlan%22%3A%22free%22%7D%2C%221%22%3A%7B%22month%22%3A%222026-05%22%7D%7D [32m200[0m 7ms
<-- POST /api/trpc/analytics.trackEvent?batch=1
--> POST /api/trpc/analytics.trackEvent?batch=1 [32m200[0m 6ms
<-- GET /api/trpc/auth.me,localAuth.me?batch=1&input=%7B%7D
--> GET /api/trpc/auth.me,localAuth.me?batch=1&input=%7B%7D [32m200[0m 3ms
<-- GET /api/trpc/auth.me,localAuth.me?batch=1&input=%7B%7D
<-- GET /api/trpc/auth.me,localAuth.me,ads.list,profile.getMyProfile,ai.getUserLimits,expense.list,expense.getMonthlyStats?batch=1&input=%7B%222%22%3A%7B%22placement%22%3A%22sidebar%22%2C%22userPlan%22%3A%22free%22%7D%2C%225%22%3A%7B%22limit%22%3A5%2C%22offset%22%3A0%7D%2C%226%22%3A%7B%22month%22%3A%222026-05%22%7D%7D
--> GET /api/trpc/auth.me,localAuth.me?batch=1&input=%7B%7D [32m200[0m 8ms
--> GET /api/trpc/auth.me,localAuth.me,ads.list,profile.getMyProfile,ai.getUserLimits,expense.list,expense.getMonthlyStats?batch=1&input=%7B%222%22%3A%7B%22placement%22%3A%22sidebar%22%2C%22userPlan%22%3A%22free%22%7D%2C%225%22%3A%7B%22limit%22%3A5%2C%22offset%22%3A0%7D%2C%226%22%3A%7B%22month%22%3A%222026-05%22%7D%7D [32m200[0m 12ms
<-- GET /api/trpc/auth.me,localAuth.me,ads.list,profile.getMyProfile,expense.getMonthlyStats?batch=1&input=%7B%222%22%3A%7B%22placement%22%3A%22sidebar%22%2C%22userPlan%22%3A%22free%22%7D%2C%224%22%3A%7B%22month%22%3A%222026-05%22%7D%7D
--> GET /api/trpc/auth.me,localAuth.me,ads.list,profile.getMyProfile,expense.getMonthlyStats?batch=1&input=%7B%222%22%3A%7B%22placement%22%3A%22sidebar%22%2C%22userPlan%22%3A%22free%22%7D%2C%224%22%3A%7B%22month%22%3A%222026-05%22%7D%7D [32m200[0m 6ms
<-- GET /api/trpc/ads.list,expense.getMonthlyStats,profile.getMyProfile?batch=1&input=%7B%220%22%3A%7B%22placement%22%3A%22sidebar%22%2C%22userPlan%22%3A%22free%22%7D%2C%221%22%3A%7B%22month%22%3A%222026-05%22%7D%7D
--> GET /api/trpc/ads.list,expense.getMonthlyStats,profile.getMyProfile?batch=1&input=%7B%220%22%3A%7B%22placement%22%3A%22sidebar%22%2C%22userPlan%22%3A%22free%22%7D%2C%221%22%3A%7B%22month%22%3A%222026-05%22%7D%7D [32m200[0m 7ms
<-- GET /api/trpc/ads.list,expense.getMonthlyStats,profile.getMyProfile?batch=1&input=%7B%220%22%3A%7B%22placement%22%3A%22sidebar%22%2C%22userPlan%22%3A%22free%22%7D%2C%221%22%3A%7B%22month%22%3A%222026-05%22%7D%7D
--> GET /api/trpc/ads.list,expense.getMonthlyStats,profile.getMyProfile?batch=1&input=%7B%220%22%3A%7B%22placement%22%3A%22sidebar%22%2C%22userPlan%22%3A%22free%22%7D%2C%221%22%3A%7B%22month%22%3A%222026-05%22%7D%7D [32m200[0m 5ms
<-- GET /api/trpc/ads.list,expense.getMonthlyStats,profile.getMyProfile?batch=1&input=%7B%220%22%3A%7B%22placement%22%3A%22sidebar%22%2C%22userPlan%22%3A%22free%22%7D%2C%221%22%3A%7B%22month%22%3A%222026-05%22%7D%7D
--> GET /api/trpc/ads.list,expense.getMonthlyStats,profile.getMyProfile?batch=1&input=%7B%220%22%3A%7B%22placement%22%3A%22sidebar%22%2C%22userPlan%22%3A%22free%22%7D%2C%221%22%3A%7B%22month%22%3A%222026-05%22%7D%7D [32m200[0m 7ms
<-- GET /api/trpc/ads.list,expense.getMonthlyStats,profile.getMyProfile?batch=1&input=%7B%220%22%3A%7B%22placement%22%3A%22sidebar%22%2C%22userPlan%22%3A%22free%22%7D%2C%221%22%3A%7B%22month%22%3A%222026-05%22%7D%7D
--> GET /api/trpc/ads.list,expense.getMonthlyStats,profile.getMyProfile?batch=1&input=%7B%220%22%3A%7B%22placement%22%3A%22sidebar%22%2C%22userPlan%22%3A%22free%22%7D%2C%221%22%3A%7B%22month%22%3A%222026-05%22%7D%7D [32m200[0m 6ms
<-- POST /api/trpc/analytics.trackEvent?batch=1
<-- POST /api/trpc/analytics.trackEvent?batch=1
--> POST /api/trpc/analytics.trackEvent?batch=1 [33m400[0m 10ms
--> POST /api/trpc/analytics.trackEvent?batch=1 [32m200[0m 12ms
<-- GET /api/trpc/auth.me,localAuth.me?batch=1&input=%7B%7D
--> GET /api/trpc/auth.me,localAuth.me?batch=1&input=%7B%7D [32m200[0m 5ms
<-- GET /api/trpc/auth.me,localAuth.me,ads.list,profile.getMyProfile,ai.getUserLimits,expense.list,expense.getMonthlyStats?batch=1&input=%7B%222%22%3A%7B%22placement%22%3A%22sidebar%22%2C%22userPlan%22%3A%22free%22%7D%2C%225%22%3A%7B%22limit%22%3A5%2C%22offset%22%3A0%7D%2C%226%22%3A%7B%22month%22%3A%222026-05%22%7D%7D
--> GET /api/trpc/auth.me,localAuth.me,ads.list,profile.getMyProfile,ai.getUserLimits,expense.list,expense.getMonthlyStats?batch=1&input=%7B%222%22%3A%7B%22placement%22%3A%22sidebar%22%2C%22userPlan%22%3A%22free%22%7D%2C%225%22%3A%7B%22limit%22%3A5%2C%22offset%22%3A0%7D%2C%226%22%3A%7B%22month%22%3A%222026-05%22%7D%7D [32m200[0m 12ms
<-- GET /api/trpc/auth.me,localAuth.me?batch=1&input=%7B%7D
--> GET /api/trpc/auth.me,localAuth.me?batch=1&input=%7B%7D [32m200[0m 4ms
<-- GET /api/trpc/auth.me,localAuth.me,ads.list,profile.getMyProfile,expense.getMonthlyStats?batch=1&input=%7B%222%22%3A%7B%22placement%22%3A%22sidebar%22%2C%22userPlan%22%3A%22free%22%7D%2C%224%22%3A%7B%22month%22%3A%222026-05%22%7D%7D
--> GET /api/trpc/auth.me,localAuth.me,ads.list,profile.getMyProfile,expense.getMonthlyStats?batch=1&input=%7B%222%22%3A%7B%22placement%22%3A%22sidebar%22%2C%22userPlan%22%3A%22free%22%7D%2C%224%22%3A%7B%22month%22%3A%222026-05%22%7D%7D [32m200[0m 7ms
<-- GET /api/trpc/auth.me,localAuth.me?batch=1&input=%7B%7D
<-- GET /api/trpc/auth.me,localAuth.me?batch=1&input=%7B%7D
--> GET /api/trpc/auth.me,localAuth.me?batch=1&input=%7B%7D [32m200[0m 11ms
--> GET /api/trpc/auth.me,localAuth.me?batch=1&input=%7B%7D [32m200[0m 10ms
<-- GET /api/trpc/auth.me,localAuth.me,ads.list,profile.getMyProfile,ai.getUserLimits,expense.list,expense.getMonthlyStats?batch=1&input=%7B%222%22%3A%7B%22placement%22%3A%22sidebar%22%2C%22userPlan%22%3A%22free%22%7D%2C%225%22%3A%7B%22limit%22%3A5%2C%22offset%22%3A0%7D%2C%226%22%3A%7B%22month%22%3A%222026-05%22%7D%7D
--> GET /api/trpc/auth.me,localAuth.me,ads.list,profile.getMyProfile,ai.getUserLimits,expense.list,expense.getMonthlyStats?batch=1&input=%7B%222%22%3A%7B%22placement%22%3A%22sidebar%22%2C%22userPlan%22%3A%22free%22%7D%2C%225%22%3A%7B%22limit%22%3A5%2C%22offset%22%3A0%7D%2C%226%22%3A%7B%22month%22%3A%222026-05%22%7D%7D [32m207[0m 16ms
<-- GET /api/trpc/auth.me,localAuth.me,ads.list,profile.getMyProfile,expense.getMonthlyStats?batch=1&input=%7B%222%22%3A%7B%22placement%22%3A%22sidebar%22%2C%22userPlan%22%3A%22free%22%7D%2C%224%22%3A%7B%22month%22%3A%222026-05%22%7D%7D
--> GET /api/trpc/auth.me,localAuth.me,ads.list,profile.getMyProfile,expense.getMonthlyStats?batch=1&input=%7B%222%22%3A%7B%22placement%22%3A%22sidebar%22%2C%22userPlan%22%3A%22free%22%7D%2C%224%22%3A%7B%22month%22%3A%222026-05%22%7D%7D [32m207[0m 7ms
<-- GET /api/trpc/expense.getMonthlyStats?batch=1&input=%7B%220%22%3A%7B%22month%22%3A%222026-05%22%7D%7D
--> GET /api/trpc/expense.getMonthlyStats?batch=1&input=%7B%220%22%3A%7B%22month%22%3A%222026-05%22%7D%7D [31m500[0m 5ms
<-- GET /api/trpc/expense.getMonthlyStats?batch=1&input=%7B%220%22%3A%7B%22month%22%3A%222026-05%22%7D%7D
--> GET /api/trpc/expense.getMonthlyStats?batch=1&input=%7B%220%22%3A%7B%22month%22%3A%222026-05%22%7D%7D [31m500[0m 5ms
<-- GET /api/trpc/expense.getMonthlyStats?batch=1&input=%7B%220%22%3A%7B%22month%22%3A%222026-05%22%7D%7D
--> GET /api/trpc/expense.getMonthlyStats?batch=1&input=%7B%220%22%3A%7B%22month%22%3A%222026-05%22%7D%7D [31m500[0m 10ms
<-- POST /api/trpc/analytics.trackEvent?batch=1
<-- POST /api/trpc/analytics.trackEvent?batch=1
--> POST /api/trpc/analytics.trackEvent?batch=1 [33m400[0m 9ms
--> POST /api/trpc/analytics.trackEvent?batch=1 [33m400[0m 10ms
<-- GET /api/trpc/auth.me,localAuth.me?batch=1&input=%7B%7D
--> GET /api/trpc/auth.me,localAuth.me?batch=1&input=%7B%7D [32m200[0m 6ms
<-- GET /api/trpc/auth.me,localAuth.me,ads.list,profile.getMyProfile,ai.getUserLimits,expense.list,expense.getMonthlyStats?batch=1&input=%7B%222%22%3A%7B%22placement%22%3A%22sidebar%22%2C%22userPlan%22%3A%22free%22%7D%2C%225%22%3A%7B%22limit%22%3A5%2C%22offset%22%3A0%7D%2C%226%22%3A%7B%22month%22%3A%222026-05%22%7D%7D
--> GET /api/trpc/auth.me,localAuth.me,ads.list,profile.getMyProfile,ai.getUserLimits,expense.list,expense.getMonthlyStats?batch=1&input=%7B%222%22%3A%7B%22placement%22%3A%22sidebar%22%2C%22userPlan%22%3A%22free%22%7D%2C%225%22%3A%7B%22limit%22%3A5%2C%22offset%22%3A0%7D%2C%226%22%3A%7B%22month%22%3A%222026-05%22%7D%7D [32m207[0m 17ms
<-- GET /api/trpc/auth.me,localAuth.me?batch=1&input=%7B%7D
--> GET /api/trpc/auth.me,localAuth.me?batch=1&input=%7B%7D [32m200[0m 5ms
<-- GET /api/trpc/auth.me,localAuth.me,ads.list,profile.getMyProfile,expense.getMonthlyStats?batch=1&input=%7B%222%22%3A%7B%22placement%22%3A%22sidebar%22%2C%22userPlan%22%3A%22free%22%7D%2C%224%22%3A%7B%22month%22%3A%222026-05%22%7D%7D
--> GET /api/trpc/auth.me,localAuth.me,ads.list,profile.getMyProfile,expense.getMonthlyStats?batch=1&input=%7B%222%22%3A%7B%22placement%22%3A%22sidebar%22%2C%22userPlan%22%3A%22free%22%7D%2C%224%22%3A%7B%22month%22%3A%222026-05%22%7D%7D [32m207[0m 9ms
<-- GET /api/trpc/auth.me,localAuth.me?batch=1&input=%7B%7D
--> GET /api/trpc/auth.me,localAuth.me?batch=1&input=%7B%7D [32m200[0m 6ms
<-- GET /api/trpc/auth.me,localAuth.me,ads.list,profile.getMyProfile,ai.getUserLimits,expense.list,expense.getMonthlyStats?batch=1&input=%7B%222%22%3A%7B%22placement%22%3A%22sidebar%22%2C%22userPlan%22%3A%22free%22%7D%2C%225%22%3A%7B%22limit%22%3A5%2C%22offset%22%3A0%7D%2C%226%22%3A%7B%22month%22%3A%222026-05%22%7D%7D
--> GET /api/trpc/auth.me,localAuth.me,ads.list,profile.getMyProfile,ai.getUserLimits,expense.list,expense.getMonthlyStats?batch=1&input=%7B%222%22%3A%7B%22placement%22%3A%22sidebar%22%2C%22userPlan%22%3A%22free%22%7D%2C%225%22%3A%7B%22limit%22%3A5%2C%22offset%22%3A0%7D%2C%226%22%3A%7B%22month%22%3A%222026-05%22%7D%7D [32m207[0m 14ms
<-- GET /api/trpc/auth.me,localAuth.me?batch=1&input=%7B%7D
--> GET /api/trpc/auth.me,localAuth.me?batch=1&input=%7B%7D [32m200[0m 9ms
<-- GET /api/trpc/auth.me,localAuth.me,ads.list,profile.getMyProfile,expense.getMonthlyStats?batch=1&input=%7B%222%22%3A%7B%22placement%22%3A%22sidebar%22%2C%22userPlan%22%3A%22free%22%7D%2C%224%22%3A%7B%22month%22%3A%222026-05%22%7D%7D
--> GET /api/trpc/auth.me,localAuth.me,ads.list,profile.getMyProfile,expense.getMonthlyStats?batch=1&input=%7B%222%22%3A%7B%22placement%22%3A%22sidebar%22%2C%22userPlan%22%3A%22free%22%7D%2C%224%22%3A%7B%22month%22%3A%222026-05%22%7D%7D [32m207[0m 9ms
<-- GET /api/trpc/ads.list,profile.getMyProfile,expense.getMonthlyStats?batch=1&input=%7B%220%22%3A%7B%22placement%22%3A%22sidebar%22%2C%22userPlan%22%3A%22free%22%7D%2C%222%22%3A%7B%22month%22%3A%222026-05%22%7D%7D
--> GET /api/trpc/ads.list,profile.getMyProfile,expense.getMonthlyStats?batch=1&input=%7B%220%22%3A%7B%22placement%22%3A%22sidebar%22%2C%22userPlan%22%3A%22free%22%7D%2C%222%22%3A%7B%22month%22%3A%222026-05%22%7D%7D [32m207[0m 6ms
<-- GET /api/trpc/expense.getMonthlyStats?batch=1&input=%7B%220%22%3A%7B%22month%22%3A%222026-05%22%7D%7D
--> GET /api/trpc/expense.getMonthlyStats?batch=1&input=%7B%220%22%3A%7B%22month%22%3A%222026-05%22%7D%7D [31m500[0m 4ms
<-- GET /api/trpc/expense.getMonthlyStats?batch=1&input=%7B%220%22%3A%7B%22month%22%3A%222026-05%22%7D%7D
--> GET /api/trpc/expense.getMonthlyStats?batch=1&input=%7B%220%22%3A%7B%22month%22%3A%222026-05%22%7D%7D [31m500[0m 4ms
[2m٦:٢٣:٢٣ م[22m [36m[1m[vite][22m[39m [90m[2m(client)[22m[39m [32mhmr update [39m[2m/src/index.css, /src/components/expenses/ExpenseForm.tsx[22m
<-- GET /api/trpc/ai.getUserLimits?batch=1&input=%7B%7D
--> GET /api/trpc/ai.getUserLimits?batch=1&input=%7B%7D [32m200[0m 11ms
[2m٦:٢٥:٠٠ م[22m [36m[1m[vite][22m[39m [34m[2m(ssr)[22m[39m [32mpage reload [39m[2mapi/lib/taxonomy-adapter.ts[22m
[2m٦:٢٥:٢٤ م[22m [36m[1m[vite][22m[39m [34m[2m(ssr)[22m[39m [32mpage reload [39m[2mapi/lib/taxonomy-adapter.ts[22m
<-- GET /api/trpc/ads.list,expense.getMonthlyStats,profile.getMyProfile?batch=1&input=%7B%220%22%3A%7B%22placement%22%3A%22sidebar%22%2C%22userPlan%22%3A%22free%22%7D%2C%221%22%3A%7B%22month%22%3A%222026-05%22%7D%7D
--> GET /api/trpc/ads.list,expense.getMonthlyStats,profile.getMyProfile?batch=1&input=%7B%220%22%3A%7B%22placement%22%3A%22sidebar%22%2C%22userPlan%22%3A%22free%22%7D%2C%221%22%3A%7B%22month%22%3A%222026-05%22%7D%7D [32m207[0m 20ms
<-- GET /api/trpc/expense.getMonthlyStats?batch=1&input=%7B%220%22%3A%7B%22month%22%3A%222026-05%22%7D%7D
--> GET /api/trpc/expense.getMonthlyStats?batch=1&input=%7B%220%22%3A%7B%22month%22%3A%222026-05%22%7D%7D [31m500[0m 8ms
<-- GET /api/trpc/expense.getMonthlyStats?batch=1&input=%7B%220%22%3A%7B%22month%22%3A%222026-05%22%7D%7D
--> GET /api/trpc/expense.getMonthlyStats?batch=1&input=%7B%220%22%3A%7B%22month%22%3A%222026-05%22%7D%7D [31m500[0m 7ms
<-- GET /api/trpc/expense.getMonthlyStats?batch=1&input=%7B%220%22%3A%7B%22month%22%3A%222026-05%22%7D%7D
--> GET /api/trpc/expense.getMonthlyStats?batch=1&input=%7B%220%22%3A%7B%22month%22%3A%222026-05%22%7D%7D [31m500[0m 8ms
<-- GET /api/trpc/ads.list,expense.getMonthlyStats,profile.getMyProfile?batch=1&input=%7B%220%22%3A%7B%22placement%22%3A%22sidebar%22%2C%22userPlan%22%3A%22free%22%7D%2C%221%22%3A%7B%22month%22%3A%222026-05%22%7D%7D
--> GET /api/trpc/ads.list,expense.getMonthlyStats,profile.getMyProfile?batch=1&input=%7B%220%22%3A%7B%22placement%22%3A%22sidebar%22%2C%22userPlan%22%3A%22free%22%7D%2C%221%22%3A%7B%22month%22%3A%222026-05%22%7D%7D [32m207[0m 5ms
<-- GET /api/trpc/expense.getMonthlyStats?batch=1&input=%7B%220%22%3A%7B%22month%22%3A%222026-05%22%7D%7D
--> GET /api/trpc/expense.getMonthlyStats?batch=1&input=%7B%220%22%3A%7B%22month%22%3A%222026-05%22%7D%7D [31m500[0m 5ms
<-- GET /api/trpc/expense.getMonthlyStats?batch=1&input=%7B%220%22%3A%7B%22month%22%3A%222026-05%22%7D%7D
--> GET /api/trpc/expense.getMonthlyStats?batch=1&input=%7B%220%22%3A%7B%22month%22%3A%222026-05%22%7D%7D [31m500[0m 6ms
<-- GET /api/trpc/expense.getMonthlyStats?batch=1&input=%7B%220%22%3A%7B%22month%22%3A%222026-05%22%7D%7D
--> GET /api/trpc/expense.getMonthlyStats?batch=1&input=%7B%220%22%3A%7B%22month%22%3A%222026-05%22%7D%7D [31m500[0m 7ms
[2m٦:٣٨:٣٨ م[22m [36m[1m[vite][22m[39m [90m[2m(client)[22m[39m [32mhmr update [39m[2m/src/index.css, /src/components/expenses/ExpenseForm.tsx[22m
<-- GET /api/trpc/ai.getUserLimits?batch=1&input=%7B%7D
--> GET /api/trpc/ai.getUserLimits?batch=1&input=%7B%7D [32m200[0m 11ms
[2m٦:٣٩:٠٩ م[22m [36m[1m[vite][22m[39m [90m[2m(client)[22m[39m [32mhmr update [39m[2m/src/index.css, /src/components/expenses/ExpenseForm.tsx[22m
<-- GET /api/trpc/ai.getUserLimits?batch=1&input=%7B%7D
--> GET /api/trpc/ai.getUserLimits?batch=1&input=%7B%7D [32m200[0m 10ms
[2m٦:٣٩:١٩ م[22m [36m[1m[vite][22m[39m [90m[2m(client)[22m[39m [32mhmr update [39m[2m/src/index.css, /src/components/expenses/ExpenseForm.tsx[22m
<-- GET /api/trpc/ai.getUserLimits?batch=1&input=%7B%7D
--> GET /api/trpc/ai.getUserLimits?batch=1&input=%7B%7D [32m200[0m 8ms
[2m٦:٣٩:٣٢ م[22m [36m[1m[vite][22m[39m [90m[2m(client)[22m[39m [32mhmr update [39m[2m/src/index.css, /src/components/expenses/ExpenseForm.tsx[22m
<-- GET /api/trpc/ai.getUserLimits?batch=1&input=%7B%7D
--> GET /api/trpc/ai.getUserLimits?batch=1&input=%7B%7D [32m200[0m 10ms
[2m٦:٤٠:٠٨ م[22m [36m[1m[vite][22m[39m [90m[2m(client)[22m[39m [32mhmr update [39m[2m/src/index.css, /src/components/expenses/ExpenseForm.tsx[22m
<-- GET /api/trpc/ai.getUserLimits?batch=1&input=%7B%7D
--> GET /api/trpc/ai.getUserLimits?batch=1&input=%7B%7D [32m200[0m 6ms
[2m٦:٤٠:١٧ م[22m [36m[1m[vite][22m[39m [90m[2m(client)[22m[39m [32mhmr update [39m[2m/src/index.css, /src/components/expenses/ExpenseForm.tsx[22m
<-- GET /api/trpc/ai.getUserLimits?batch=1&input=%7B%7D
--> GET /api/trpc/ai.getUserLimits?batch=1&input=%7B%7D [32m200[0m 6ms
[2m٦:٤٠:٢٨ م[22m [36m[1m[vite][22m[39m [90m[2m(client)[22m[39m [32mhmr update [39m[2m/src/index.css, /src/components/expenses/ExpenseForm.tsx[22m
<-- GET /api/trpc/ai.getUserLimits?batch=1&input=%7B%7D
--> GET /api/trpc/ai.getUserLimits?batch=1&input=%7B%7D [32m200[0m 5ms
[2m٦:٤٠:٤٨ م[22m [36m[1m[vite][22m[39m [90m[2m(client)[22m[39m [32mhmr update [39m[2m/src/index.css, /src/components/expenses/ExpenseForm.tsx[22m
<-- GET /api/trpc/ai.getUserLimits?batch=1&input=%7B%7D
--> GET /api/trpc/ai.getUserLimits?batch=1&input=%7B%7D [32m200[0m 7ms
[2m٦:٤٠:٥٢ م[22m [36m[1m[vite][22m[39m [90m[2m(client)[22m[39m [32mhmr update [39m[2m/src/index.css, /src/components/expenses/ExpenseForm.tsx[22m
<-- GET /api/trpc/ai.getUserLimits?batch=1&input=%7B%7D
--> GET /api/trpc/ai.getUserLimits?batch=1&input=%7B%7D [32m200[0m 8ms
<-- POST /api/trpc/analytics.trackEvent?batch=1
--> POST /api/trpc/analytics.trackEvent?batch=1 [32m200[0m 14ms
<-- POST /api/trpc/analytics.trackEvent?batch=1
--> POST /api/trpc/analytics.trackEvent?batch=1 [32m200[0m 7ms
<-- GET /api/trpc/auth.me,localAuth.me?batch=1&input=%7B%7D
--> GET /api/trpc/auth.me,localAuth.me?batch=1&input=%7B%7D [32m200[0m 5ms
<-- GET /api/trpc/auth.me,localAuth.me?batch=1&input=%7B%7D
--> GET /api/trpc/auth.me,localAuth.me?batch=1&input=%7B%7D [32m200[0m 5ms
<-- GET /api/trpc/auth.me,localAuth.me,ads.list,profile.getMyProfile,expense.getMonthlyStats?batch=1&input=%7B%222%22%3A%7B%22placement%22%3A%22sidebar%22%2C%22userPlan%22%3A%22free%22%7D%2C%224%22%3A%7B%22month%22%3A%222026-05%22%7D%7D
--> GET /api/trpc/auth.me,localAuth.me,ads.list,profile.getMyProfile,expense.getMonthlyStats?batch=1&input=%7B%222%22%3A%7B%22placement%22%3A%22sidebar%22%2C%22userPlan%22%3A%22free%22%7D%2C%224%22%3A%7B%22month%22%3A%222026-05%22%7D%7D [32m200[0m 12ms
<-- GET /api/trpc/auth.me,localAuth.me,ads.list,profile.getMyProfile,ai.getUserLimits,expense.list,expense.getMonthlyStats?batch=1&input=%7B%222%22%3A%7B%22placement%22%3A%22sidebar%22%2C%22userPlan%22%3A%22free%22%7D%2C%225%22%3A%7B%22limit%22%3A5%2C%22offset%22%3A0%7D%2C%226%22%3A%7B%22month%22%3A%222026-05%22%7D%7D
--> GET /api/trpc/auth.me,localAuth.me,ads.list,profile.getMyProfile,ai.getUserLimits,expense.list,expense.getMonthlyStats?batch=1&input=%7B%222%22%3A%7B%22placement%22%3A%22sidebar%22%2C%22userPlan%22%3A%22free%22%7D%2C%225%22%3A%7B%22limit%22%3A5%2C%22offset%22%3A0%7D%2C%226%22%3A%7B%22month%22%3A%222026-05%22%7D%7D [32m200[0m 8ms
<-- POST /api/trpc/analytics.trackEvent?batch=1
<-- POST /api/trpc/analytics.trackEvent?batch=1
--> POST /api/trpc/analytics.trackEvent?batch=1 [33m400[0m 9ms
--> POST /api/trpc/analytics.trackEvent?batch=1 [32m200[0m 9ms
<-- GET /api/trpc/auth.me,localAuth.me?batch=1&input=%7B%7D
--> GET /api/trpc/auth.me,localAuth.me?batch=1&input=%7B%7D [32m200[0m 5ms
<-- GET /api/trpc/auth.me,localAuth.me,ads.list,profile.getMyProfile,ai.getUserLimits,expense.list,expense.getMonthlyStats?batch=1&input=%7B%222%22%3A%7B%22placement%22%3A%22sidebar%22%2C%22userPlan%22%3A%22free%22%7D%2C%225%22%3A%7B%22limit%22%3A5%2C%22offset%22%3A0%7D%2C%226%22%3A%7B%22month%22%3A%222026-05%22%7D%7D
--> GET /api/trpc/auth.me,localAuth.me,ads.list,profile.getMyProfile,ai.getUserLimits,expense.list,expense.getMonthlyStats?batch=1&input=%7B%222%22%3A%7B%22placement%22%3A%22sidebar%22%2C%22userPlan%22%3A%22free%22%7D%2C%225%22%3A%7B%22limit%22%3A5%2C%22offset%22%3A0%7D%2C%226%22%3A%7B%22month%22%3A%222026-05%22%7D%7D [32m200[0m 10ms
<-- GET /api/trpc/auth.me,localAuth.me?batch=1&input=%7B%7D
--> GET /api/trpc/auth.me,localAuth.me?batch=1&input=%7B%7D [32m200[0m 5ms
<-- GET /api/trpc/auth.me,localAuth.me,ads.list,profile.getMyProfile,expense.getMonthlyStats?batch=1&input=%7B%222%22%3A%7B%22placement%22%3A%22sidebar%22%2C%22userPlan%22%3A%22free%22%7D%2C%224%22%3A%7B%22month%22%3A%222026-05%22%7D%7D
--> GET /api/trpc/auth.me,localAuth.me,ads.list,profile.getMyProfile,expense.getMonthlyStats?batch=1&input=%7B%222%22%3A%7B%22placement%22%3A%22sidebar%22%2C%22userPlan%22%3A%22free%22%7D%2C%224%22%3A%7B%22month%22%3A%222026-05%22%7D%7D [32m200[0m 7ms
<-- GET /api/trpc/auth.me,localAuth.me?batch=1&input=%7B%7D
--> GET /api/trpc/auth.me,localAuth.me?batch=1&input=%7B%7D [32m200[0m 4ms
<-- GET /api/trpc/auth.me,localAuth.me?batch=1&input=%7B%7D
--> GET /api/trpc/auth.me,localAuth.me?batch=1&input=%7B%7D [32m200[0m 4ms
<-- GET /api/trpc/auth.me,localAuth.me,ads.list,profile.getMyProfile,ai.getUserLimits,expense.list,expense.getMonthlyStats?batch=1&input=%7B%222%22%3A%7B%22placement%22%3A%22sidebar%22%2C%22userPlan%22%3A%22free%22%7D%2C%225%22%3A%7B%22limit%22%3A5%2C%22offset%22%3A0%7D%2C%226%22%3A%7B%22month%22%3A%222026-05%22%7D%7D
--> GET /api/trpc/auth.me,localAuth.me,ads.list,profile.getMyProfile,ai.getUserLimits,expense.list,expense.getMonthlyStats?batch=1&input=%7B%222%22%3A%7B%22placement%22%3A%22sidebar%22%2C%22userPlan%22%3A%22free%22%7D%2C%225%22%3A%7B%22limit%22%3A5%2C%22offset%22%3A0%7D%2C%226%22%3A%7B%22month%22%3A%222026-05%22%7D%7D [32m200[0m 10ms
<-- GET /api/trpc/auth.me,localAuth.me,ads.list,profile.getMyProfile,expense.getMonthlyStats?batch=1&input=%7B%222%22%3A%7B%22placement%22%3A%22sidebar%22%2C%22userPlan%22%3A%22free%22%7D%2C%224%22%3A%7B%22month%22%3A%222026-05%22%7D%7D
--> GET /api/trpc/auth.me,localAuth.me,ads.list,profile.getMyProfile,expense.getMonthlyStats?batch=1&input=%7B%222%22%3A%7B%22placement%22%3A%22sidebar%22%2C%22userPlan%22%3A%22free%22%7D%2C%224%22%3A%7B%22month%22%3A%222026-05%22%7D%7D [32m200[0m 7ms
<-- GET /api/trpc/ads.list,expense.getMonthlyStats,profile.getMyProfile?batch=1&input=%7B%220%22%3A%7B%22placement%22%3A%22sidebar%22%2C%22userPlan%22%3A%22free%22%7D%2C%221%22%3A%7B%22month%22%3A%222026-05%22%7D%7D
--> GET /api/trpc/ads.list,expense.getMonthlyStats,profile.getMyProfile?batch=1&input=%7B%220%22%3A%7B%22placement%22%3A%22sidebar%22%2C%22userPlan%22%3A%22free%22%7D%2C%221%22%3A%7B%22month%22%3A%222026-05%22%7D%7D [32m200[0m 9ms
<-- GET /api/trpc/ads.list,expense.getMonthlyStats,profile.getMyProfile?batch=1&input=%7B%220%22%3A%7B%22placement%22%3A%22sidebar%22%2C%22userPlan%22%3A%22free%22%7D%2C%221%22%3A%7B%22month%22%3A%222026-05%22%7D%7D
--> GET /api/trpc/ads.list,expense.getMonthlyStats,profile.getMyProfile?batch=1&input=%7B%220%22%3A%7B%22placement%22%3A%22sidebar%22%2C%22userPlan%22%3A%22free%22%7D%2C%221%22%3A%7B%22month%22%3A%222026-05%22%7D%7D [32m200[0m 9ms
<-- GET /api/trpc/ads.list,expense.getMonthlyStats,profile.getMyProfile,ai.getUserLimits,expense.list?batch=1&input=%7B%220%22%3A%7B%22placement%22%3A%22sidebar%22%2C%22userPlan%22%3A%22free%22%7D%2C%221%22%3A%7B%22month%22%3A%222026-05%22%7D%2C%224%22%3A%7B%22limit%22%3A5%2C%22offset%22%3A0%7D%7D
--> GET /api/trpc/ads.list,expense.getMonthlyStats,profile.getMyProfile,ai.getUserLimits,expense.list?batch=1&input=%7B%220%22%3A%7B%22placement%22%3A%22sidebar%22%2C%22userPlan%22%3A%22free%22%7D%2C%221%22%3A%7B%22month%22%3A%222026-05%22%7D%2C%224%22%3A%7B%22limit%22%3A5%2C%22offset%22%3A0%7D%7D [32m200[0m 16ms
<-- GET /api/trpc/ads.list,expense.getMonthlyStats,profile.getMyProfile?batch=1&input=%7B%220%22%3A%7B%22placement%22%3A%22sidebar%22%2C%22userPlan%22%3A%22free%22%7D%2C%221%22%3A%7B%22month%22%3A%222026-05%22%7D%7D
--> GET /api/trpc/ads.list,expense.getMonthlyStats,profile.getMyProfile?batch=1&input=%7B%220%22%3A%7B%22placement%22%3A%22sidebar%22%2C%22userPlan%22%3A%22free%22%7D%2C%221%22%3A%7B%22month%22%3A%222026-05%22%7D%7D [32m200[0m 8ms
